WARNING:absl:Tensorflow library not found, tensorflow.io.gfile operations will use native shim calls. GCS paths (i.e. 'gs://...') cannot be accessed.
2026-07-17 01:25:49.413594: W external/xla/xla/service/gpu/nvptx_compiler.cc:742] The NVIDIA driver's CUDA version is 12.8 which is older than the ptxas CUDA version (12.9.86). Because the driver is older than the ptxas version, XLA is disabling parallel compilation, which may slow down compilation. You should update your NVIDIA driver or use the NVIDIA-provided CUDA forward compatibility packages.
WARNING:absl:The transformations API will eventually be replaced by an upgraded design. The current API will not be removed until this point, but it will no longer be actively worked on.

==============================================================================
DIRECTED-PAIR LEAKAGE  k=64  N=400 M=24 seeds=5
==============================================================================
pair (src->tgt)               logit_shift          AUC       src ctrl
sentiment->gender           1.307+-0.571         0.969    0.783+-0.096
LEAKPAIR_SUMMARY k=64 pair=sentiment->gender logit_shift=1.307+-0.571 auc=0.969 ctrl=0.783+-0.096
sentiment->animal           1.532+-0.191         1.000    0.783+-0.096
LEAKPAIR_SUMMARY k=64 pair=sentiment->animal logit_shift=1.532+-0.191 auc=1.000 ctrl=0.783+-0.096
sentiment->length           0.584+-0.217         0.994    0.783+-0.096
LEAKPAIR_SUMMARY k=64 pair=sentiment->length logit_shift=0.584+-0.217 auc=0.994 ctrl=0.783+-0.096
gender->sentiment           0.900+-0.169         0.685    1.000+-0.000
LEAKPAIR_SUMMARY k=64 pair=gender->sentiment logit_shift=0.900+-0.169 auc=0.685 ctrl=1.000+-0.000
gender->animal              0.796+-0.273         0.929    1.000+-0.000
LEAKPAIR_SUMMARY k=64 pair=gender->animal logit_shift=0.796+-0.273 auc=0.929 ctrl=1.000+-0.000
gender->length              0.581+-0.288         0.893    1.000+-0.000
LEAKPAIR_SUMMARY k=64 pair=gender->length logit_shift=0.581+-0.288 auc=0.893 ctrl=1.000+-0.000
animal->sentiment           0.713+-0.313         0.922    1.000+-0.000
LEAKPAIR_SUMMARY k=64 pair=animal->sentiment logit_shift=0.713+-0.313 auc=0.922 ctrl=1.000+-0.000
animal->gender              0.709+-0.559         0.863    1.000+-0.000
LEAKPAIR_SUMMARY k=64 pair=animal->gender logit_shift=0.709+-0.559 auc=0.863 ctrl=1.000+-0.000
animal->length              0.437+-0.208         0.913    1.000+-0.000
LEAKPAIR_SUMMARY k=64 pair=animal->length logit_shift=0.437+-0.208 auc=0.913 ctrl=1.000+-0.000
length->sentiment           0.337+-0.174         0.760   -0.066+-0.182
LEAKPAIR_SUMMARY k=64 pair=length->sentiment logit_shift=0.337+-0.174 auc=0.760 ctrl=-0.066+-0.182
length->gender              1.074+-0.605         0.849   -0.066+-0.182
LEAKPAIR_SUMMARY k=64 pair=length->gender logit_shift=1.074+-0.605 auc=0.849 ctrl=-0.066+-0.182
length->animal              1.639+-0.534         0.994   -0.066+-0.182
LEAKPAIR_SUMMARY k=64 pair=length->animal logit_shift=1.639+-0.534 auc=0.994 ctrl=-0.066+-0.182
==============================================================================
