WARNING:absl:Tensorflow library not found, tensorflow.io.gfile operations will use native shim calls. GCS paths (i.e. 'gs://...') cannot be accessed.
2026-07-17 01:25:49.417992: W external/xla/xla/service/gpu/nvptx_compiler.cc:742] The NVIDIA driver's CUDA version is 12.8 which is older than the ptxas CUDA version (12.9.86). Because the driver is older than the ptxas version, XLA is disabling parallel compilation, which may slow down compilation. You should update your NVIDIA driver or use the NVIDIA-provided CUDA forward compatibility packages.
WARNING:absl:The transformations API will eventually be replaced by an upgraded design. The current API will not be removed until this point, but it will no longer be actively worked on.

==============================================================================
DIRECTED-PAIR LEAKAGE  k=8  N=400 M=24 seeds=5
==============================================================================
pair (src->tgt)               logit_shift          AUC       src ctrl
sentiment->gender           1.685+-0.210         0.885    0.750+-0.173
LEAKPAIR_SUMMARY k=8 pair=sentiment->gender logit_shift=1.685+-0.210 auc=0.885 ctrl=0.750+-0.173
sentiment->animal           0.935+-0.258         0.888    0.750+-0.173
LEAKPAIR_SUMMARY k=8 pair=sentiment->animal logit_shift=0.935+-0.258 auc=0.888 ctrl=0.750+-0.173
sentiment->length           1.054+-0.191         0.928    0.750+-0.173
LEAKPAIR_SUMMARY k=8 pair=sentiment->length logit_shift=1.054+-0.191 auc=0.928 ctrl=0.750+-0.173
gender->sentiment           0.452+-0.144         0.749    0.833+-0.137
LEAKPAIR_SUMMARY k=8 pair=gender->sentiment logit_shift=0.452+-0.144 auc=0.749 ctrl=0.833+-0.137
gender->animal              0.518+-0.111         0.807    0.833+-0.137
LEAKPAIR_SUMMARY k=8 pair=gender->animal logit_shift=0.518+-0.111 auc=0.807 ctrl=0.833+-0.137
gender->length              0.689+-0.112         0.929    0.833+-0.137
LEAKPAIR_SUMMARY k=8 pair=gender->length logit_shift=0.689+-0.112 auc=0.929 ctrl=0.833+-0.137
animal->sentiment           0.616+-0.161         0.767    0.800+-0.096
LEAKPAIR_SUMMARY k=8 pair=animal->sentiment logit_shift=0.616+-0.161 auc=0.767 ctrl=0.800+-0.096
animal->gender              2.247+-0.159         1.000    0.800+-0.096
LEAKPAIR_SUMMARY k=8 pair=animal->gender logit_shift=2.247+-0.159 auc=1.000 ctrl=0.800+-0.096
animal->length              0.666+-0.128         0.730    0.800+-0.096
LEAKPAIR_SUMMARY k=8 pair=animal->length logit_shift=0.666+-0.128 auc=0.730 ctrl=0.800+-0.096
length->sentiment           0.796+-0.198         0.908   -0.340+-0.550
LEAKPAIR_SUMMARY k=8 pair=length->sentiment logit_shift=0.796+-0.198 auc=0.908 ctrl=-0.340+-0.550
length->gender              1.571+-0.159         0.908   -0.340+-0.550
LEAKPAIR_SUMMARY k=8 pair=length->gender logit_shift=1.571+-0.159 auc=0.908 ctrl=-0.340+-0.550
length->animal              1.116+-0.112         0.794   -0.340+-0.550
LEAKPAIR_SUMMARY k=8 pair=length->animal logit_shift=1.116+-0.112 auc=0.794 ctrl=-0.340+-0.550
==============================================================================
